---
source: crates/squawk_parser/tests/tests.rs
input_file: crates/squawk_parser/tests/data/err/drop_database.sql
---
SOURCE_FILE
  COMMENT "-- missing comma"
  WHITESPACE "\n"
  DROP_DATABASE
    DROP_KW "drop"
    WHITESPACE " "
    DATABASE_KW "database"
    WHITESPACE " "
    NAME_REF
      IDENT "d"
    WHITESPACE " "
    WITH_KW "with"
    WHITESPACE " "
    L_PAREN "("
    WHITESPACE " "
    FORCE_KW "force"
    WHITESPACE "  "
    FORCE_KW "force"
    WHITESPACE " "
    R_PAREN ")"
  SEMICOLON ";"
  WHITESPACE "\n"
---
ERROR@45: expected COMMA
