---
source: crates/squawk_parser/tests/tests.rs
input_file: crates/squawk_parser/tests/data/ok/reindex.sql
---
SOURCE_FILE
  COMMENT "-- pg_docs"
  WHITESPACE "\n"
  REINDEX
    REINDEX_KW "REINDEX"
    WHITESPACE " "
    INDEX_KW "INDEX"
    WHITESPACE " "
    PATH
      PATH_SEGMENT
        NAME
          IDENT "my_index"
  SEMICOLON ";"
  WHITESPACE "\n\n"
  REINDEX
    REINDEX_KW "REINDEX"
    WHITESPACE " "
    TABLE_KW "TABLE"
    WHITESPACE " "
    PATH
      PATH_SEGMENT
        NAME
          IDENT "my_table"
  SEMICOLON ";"
  WHITESPACE "\n\n"
  REINDEX
    REINDEX_KW "REINDEX"
    WHITESPACE " "
    TABLE_KW "TABLE"
    WHITESPACE " "
    CONCURRENTLY_KW "CONCURRENTLY"
    WHITESPACE " "
    PATH
      PATH_SEGMENT
        NAME
          IDENT "my_broken_table"
  SEMICOLON ";"
  WHITESPACE "\n\n"
  COMMENT "-- complete_syntax"
  WHITESPACE "\n"
  REINDEX
    REINDEX_KW "reindex"
    WHITESPACE " "
    L_PAREN "("
    CONCURRENTLY_KW "concurrently"
    WHITESPACE " "
    LITERAL
      TRUE_KW "true"
    COMMA ","
    WHITESPACE " "
    TABLESPACE_KW "tablespace"
    WHITESPACE " "
    NAME
      IDENT "fooo"
    COMMA ","
    WHITESPACE " "
    VERBOSE_KW "verbose"
    WHITESPACE " "
    LITERAL
      FALSE_KW "false"
    R_PAREN ")"
    WHITESPACE " "
    DATABASE_KW "database"
    WHITESPACE " "
    CONCURRENTLY_KW "concurrently"
    WHITESPACE " "
    PATH
      PATH_SEGMENT
        NAME
          IDENT "foo"
  SEMICOLON ";"
  WHITESPACE "\n\n"
  REINDEX
    REINDEX_KW "reindex"
    WHITESPACE " "
    SYSTEM_KW "system"
    WHITESPACE " "
    PATH
      PATH_SEGMENT
        NAME
          IDENT "foo"
  SEMICOLON ";"
  WHITESPACE "\n\n"
  REINDEX
    REINDEX_KW "reindex"
    WHITESPACE " "
    INDEX_KW "index"
    WHITESPACE " "
    PATH
      PATH_SEGMENT
        NAME
          IDENT "foo"
  SEMICOLON ";"
  WHITESPACE "\n"
  REINDEX
    REINDEX_KW "reindex"
    WHITESPACE " "
    TABLE_KW "table"
    WHITESPACE " "
    PATH
      PATH_SEGMENT
        NAME
          IDENT "foo"
  SEMICOLON ";"
  WHITESPACE "\n"
  REINDEX
    REINDEX_KW "reindex"
    WHITESPACE " "
    SCHEMA_KW "schema"
    WHITESPACE " "
    PATH
      PATH_SEGMENT
        NAME
          IDENT "foo"
  SEMICOLON ";"
  WHITESPACE "\n\n"
