---
source: crates/squawk_parser/tests/tests.rs
input_file: crates/squawk_parser/tests/data/regression_suite/copy2.sql
---

