---
source: crates/squawk_parser/tests/tests.rs
input_file: crates/squawk_parser/tests/data/regression_suite/fast_default.sql
---
ERROR@1942: expected STORED_KW
ERROR@1942: expected SEMICOLON
ERROR@1943: expected command, found VIRTUAL_KW
ERROR@2272: expected STORED_KW
ERROR@2272: expected SEMICOLON
ERROR@2273: expected command, found VIRTUAL_KW
