---
source: crates/squawk_parser/src/test.rs
input_file: crates/squawk_parser/test_data/ok/alter_operator_class.sql
---
SOURCE_FILE
  COMMENT "-- rename"
  WHITESPACE "\n"
  ALTER_OPERATOR_CLASS_STMT
    ALTER_KW "alter"
    WHITESPACE " "
    OPERATOR_KW "operator"
    WHITESPACE " "
    CLASS_KW "class"
    WHITESPACE " "
    PATH
      PATH_SEGMENT
        NAME_REF
          IDENT "c"
    WHITESPACE " "
    USING_KW "using"
    WHITESPACE " "
    NAME_REF
      IDENT "m"
    WHITESPACE "\n  "
    RENAME_KW "rename"
    WHITESPACE " "
    TO_KW "to"
    WHITESPACE " "
    NAME_REF
      IDENT "n"
  SEMICOLON ";"
  WHITESPACE "\n\n"
  ALTER_OPERATOR_CLASS_STMT
    ALTER_KW "alter"
    WHITESPACE " "
    OPERATOR_KW "operator"
    WHITESPACE " "
    CLASS_KW "class"
    WHITESPACE " "
    PATH
      PATH
        PATH_SEGMENT
          NAME_REF
            IDENT "s"
      DOT "."
      PATH_SEGMENT
        NAME_REF
          IDENT "c"
    WHITESPACE " "
    USING_KW "using"
    WHITESPACE " "
    NAME_REF
      IDENT "m"
    WHITESPACE "\n  "
    RENAME_KW "rename"
    WHITESPACE " "
    TO_KW "to"
    WHITESPACE " "
    NAME_REF
      IDENT "n"
  SEMICOLON ";"
  WHITESPACE "\n\n"
  COMMENT "-- owner"
  WHITESPACE "\n"
  ALTER_OPERATOR_CLASS_STMT
    ALTER_KW "alter"
    WHITESPACE " "
    OPERATOR_KW "operator"
    WHITESPACE " "
    CLASS_KW "class"
    WHITESPACE " "
    PATH
      PATH_SEGMENT
        NAME_REF
          IDENT "c"
    WHITESPACE " "
    USING_KW "using"
    WHITESPACE " "
    NAME_REF
      IDENT "m"
    WHITESPACE "\n  "
    OWNER_KW "owner"
    WHITESPACE " "
    TO_KW "to"
    WHITESPACE " "
    IDENT "u"
  SEMICOLON ";"
  WHITESPACE "\n\n"
  ALTER_OPERATOR_CLASS_STMT
    ALTER_KW "alter"
    WHITESPACE " "
    OPERATOR_KW "operator"
    WHITESPACE " "
    CLASS_KW "class"
    WHITESPACE " "
    PATH
      PATH_SEGMENT
        NAME_REF
          IDENT "c"
    WHITESPACE " "
    USING_KW "using"
    WHITESPACE " "
    NAME_REF
      IDENT "m"
    WHITESPACE "\n  "
    OWNER_KW "owner"
    WHITESPACE " "
    TO_KW "to"
    WHITESPACE " "
    CURRENT_USER_KW "current_user"
  SEMICOLON ";"
  WHITESPACE "\n\n"
  COMMENT "-- schema"
  WHITESPACE "\n"
  ALTER_OPERATOR_CLASS_STMT
    ALTER_KW "alter"
    WHITESPACE " "
    OPERATOR_KW "operator"
    WHITESPACE " "
    CLASS_KW "class"
    WHITESPACE " "
    PATH
      PATH_SEGMENT
        NAME_REF
          IDENT "c"
    WHITESPACE " "
    USING_KW "using"
    WHITESPACE " "
    NAME_REF
      IDENT "m"
    WHITESPACE "\n  "
    SET_KW "set"
    WHITESPACE " "
    SCHEMA_KW "schema"
    WHITESPACE " "
    NAME_REF
      IDENT "s"
  SEMICOLON ";"
  WHITESPACE "\n\n"
