---
source: crates/squawk_parser/src/test.rs
input_file: crates/squawk_parser/test_data/ok/drop_foreign_data.sql
---
SOURCE_FILE
  COMMENT "-- simple"
  WHITESPACE "\n"
  DROP_FOREIGN_DATA_WRAPPER_STMT
    DROP_KW "drop"
    WHITESPACE " "
    FOREIGN_KW "foreign"
    WHITESPACE " "
    DATA_KW "data"
    WHITESPACE " "
    WRAPPER_KW "wrapper"
    WHITESPACE " "
    NAME_REF
      IDENT "s"
  SEMICOLON ";"
  WHITESPACE "\n\n"
  COMMENT "-- full"
  WHITESPACE "\n"
  DROP_FOREIGN_DATA_WRAPPER_STMT
    DROP_KW "drop"
    WHITESPACE " "
    FOREIGN_KW "foreign"
    WHITESPACE " "
    DATA_KW "data"
    WHITESPACE " "
    WRAPPER_KW "wrapper"
    WHITESPACE " "
    IF_EXISTS
      IF_KW "if"
      WHITESPACE " "
      EXISTS_KW "exists"
    WHITESPACE " "
    NAME_REF
      IDENT "a"
    COMMA ","
    WHITESPACE " "
    NAME_REF
      IDENT "b"
    COMMA ","
    WHITESPACE " "
    NAME_REF
      IDENT "c"
    WHITESPACE " "
    CASCADE_KW "cascade"
  SEMICOLON ";"
  WHITESPACE "\n"
  DROP_FOREIGN_DATA_WRAPPER_STMT
    DROP_KW "drop"
    WHITESPACE " "
    FOREIGN_KW "foreign"
    WHITESPACE " "
    DATA_KW "data"
    WHITESPACE " "
    WRAPPER_KW "wrapper"
    WHITESPACE " "
    IF_EXISTS
      IF_KW "if"
      WHITESPACE " "
      EXISTS_KW "exists"
    WHITESPACE " "
    NAME_REF
      IDENT "a"
    COMMA ","
    WHITESPACE " "
    NAME_REF
      IDENT "b"
    COMMA ","
    WHITESPACE " "
    NAME_REF
      IDENT "c"
    WHITESPACE " "
    RESTRICT_KW "restrict"
  SEMICOLON ";"
  WHITESPACE "\n\n"
