---
source: crates/squawk_lexer/src/lib.rs
expression: result
---
[
    "\n" @ Whitespace,
    "/*\n * foo\n * bar\n*/" @ BlockComment { terminated: true },
]
