---
source: parser/src/parse.rs
expression: res
---
Ok(
    [
        RawStmt {
            stmt: AlterTableStmt(
                AlterTableStmt {
                    cmds: [
                        AlterTableCmd(
                            AlterTableCmd {
                                subtype: ColumnDefault,
                                name: Some(
                                    "value",
                                ),
                                def: Some(
                                    FuncCall(
                                        Object({
                                            "args": Array([
                                                Object({
                                                    "A_Const": Object({
                                                        "boolval": Object({}),
                                                        "location": Number(
                                                            59,
                                                        ),
                                                    }),
                                                }),
                                            ]),
                                            "funcformat": String(
                                                "COERCE_EXPLICIT_CALL",
                                            ),
                                            "funcname": Array([
                                                Object({
                                                    "String": Object({
                                                        "sval": String(
                                                            "to_json",
                                                        ),
                                                    }),
                                                }),
                                            ]),
                                            "location": Number(
                                                51,
                                            ),
                                        }),
                                    ),
                                ),
                                behavior: Restrict,
                                missing_ok: false,
                            },
                        ),
                    ],
                    relation: RangeVar {
                        catalogname: None,
                        schemaname: None,
                        relname: "foobar",
                        inh: true,
                        relpersistence: "p",
                        alias: None,
                        location: 13,
                    },
                    objtype: Table,
                    missing_ok: false,
                },
            ),
            stmt_location: 0,
            stmt_len: Some(
                65,
            ),
        },
    ],
)
