---
source: parser/src/parse.rs
expression: res
---
Ok(
    [
        RawStmt {
            stmt: CreateExtensionStmt(
                Object({
                    "extname": String(
                        "hstore",
                    ),
                }),
            ),
            stmt_location: 0,
            stmt_len: Some(
                23,
            ),
        },
    ],
)
