---
source: parser/src/parse.rs
expression: res
---
Ok(
    [
        RawStmt {
            stmt: DropRoleStmt(
                Object({
                    "roles": Array([
                        Object({
                            "RoleSpec": Object({
                                "location": Number(
                                    11,
                                ),
                                "rolename": String(
                                    "jonathan",
                                ),
                                "roletype": String(
                                    "ROLESPEC_CSTRING",
                                ),
                            }),
                        }),
                    ]),
                }),
            ),
            stmt_location: 0,
            stmt_len: Some(
                19,
            ),
        },
    ],
)
