---
source: linter/src/rules/ban_char_field.rs
expression: lint_sql(sql)
---
[
    RuleViolation {
        kind: BanCharField,
        span: Span {
            start: 7,
            len: Some(
                194,
            ),
        },
        messages: [
            Help(
                "Use text or varchar instead.",
            ),
        ],
    },
    RuleViolation {
        kind: BanCharField,
        span: Span {
            start: 7,
            len: Some(
                194,
            ),
        },
        messages: [
            Help(
                "Use text or varchar instead.",
            ),
        ],
    },
    RuleViolation {
        kind: BanCharField,
        span: Span {
            start: 7,
            len: Some(
                194,
            ),
        },
        messages: [
            Help(
                "Use text or varchar instead.",
            ),
        ],
    },
    RuleViolation {
        kind: BanCharField,
        span: Span {
            start: 7,
            len: Some(
                194,
            ),
        },
        messages: [
            Help(
                "Use text or varchar instead.",
            ),
        ],
    },
]
