---
source: crates/squawk_linter/src/rules/ban_concurrent_index_creation_in_transaction.rs
expression: errors
---
[
    Violation {
        code: BanConcurrentIndexCreationInTransaction,
        message: "While regular index creation can happen inside a transaction, this is not allowed when the `CONCURRENTLY` option is used.",
        text_range: 59..71,
        help: Some(
            "Build the index outside any transactions.",
        ),
    },
]
